// Jest Snapshot v1, https://goo.gl/fbAQLP

exports[`AppHeaderView Snapshot 1`] = `
.emotion-0 {
  grid-area: header;
  padding: 20px;
  border-bottom: 1px solid #e3e3e3;
}

<header
  className="emotion-0 emotion-1"
>
  <a
    href="/"
    onClick={[Function]}
  >
    <img
      src={
        Object {
          "process": [Function],
        }
      }
      srcSet=""
      width="300"
    />
  </a>
</header>
`;
