// Jest Snapshot v1, https://goo.gl/fbAQLP

exports[`AppHeaderView Snapshot 1`] = `
<header
  className="css-1tjy5rv-Root eqn74zg0"
>
  <a
    href="/"
    onClick={[Function]}
  >
    <img
      src={
        Object {
          "process": [Function],
        }
      }
      srcSet=""
      width="300"
    />
  </a>
</header>
`;
